// Jest Snapshot v1, https://goo.gl/fbAQLP

exports[`ValueNumber Accept locale as prop 1`] = `<span locale="de-DE" data-value="10000" data-value-component="number" data-formatted-as="locale" data-locale="de-DE">10,000</span>`;

exports[`ValueNumber Accept locale as prop 2`] = `<span locale="fr-CA" data-value="10000" data-value-component="number" data-formatted-as="locale" data-locale="fr-CA">10,000</span>`;

exports[`ValueNumber Is possible to use in cunjunction with vue-i18n text translation 1`] = `<div locale="de-DE"><strong>Updates</strong><span data-value="10000" data-value-component="number" data-formatted-as="locale" data-locale="de-DE">10,000</span></div>`;
